WARNING : Using CLI version 2.40.0 but project's `requirements.txt`
WARNING : is configured to use 2.17.1. Consider either installing
WARNING : CLI version 2.17.1 or running `pretext update-project`
WARNING : to update `requirements.txt` and other managed files to match 2.40.0.
INFO    : Building target web
INFO    : XSL conversion of /Users/miranda/mth112-lab-manual/source/main.ptx by /Users/miranda/.ptx/2.40.0/core/xsl/utilities/pretext-enhanced-source.xsl
INFO    : successful application of /Users/miranda/.ptx/2.40.0/core/xsl/utilities/pretext-enhanced-source.xsl
INFO    : Generating any needed assets.
WARNING : Now generating latex images
INFO    : converting latex-image pictures from /Users/miranda/mth112-lab-manual/source/main.ptx to svg graphics for placement in /Users/miranda/mth112-lab-manual/generated-assets/latex-image
INFO    : extracting latex-image pictures from /Users/miranda/mth112-lab-manual/source/main.ptx
INFO    : string parameters passed to extraction stylesheet: {'cli.version': '2.40', 'publisher': '/Users/miranda/mth112-lab-manual/publication/publication.ptx'}
INFO    : discovering source file's directory name: /Users/miranda/mth112-lab-manual/source
INFO    : verifying and expanding input directory: /Users/miranda/mth112-lab-manual/source/../generated-assets
INFO    : input directory expanded to absolute path: /Users/miranda/mth112-lab-manual/generated-assets
INFO    : verifying and expanding input directory: /Users/miranda/mth112-lab-manual/source/../assets
INFO    : input directory expanded to absolute path: /Users/miranda/mth112-lab-manual/assets
INFO    : discovering source file's directory name: /Users/miranda/mth112-lab-manual/source
INFO    : XSL conversion of /Users/miranda/mth112-lab-manual/source/main.ptx by /Users/miranda/.ptx/2.40.0/core/xsl/extract-latex-image.xsl
INFO    : successful application of /Users/miranda/.ptx/2.40.0/core/xsl/extract-latex-image.xsl
INFO    : converting exit-laws-tree-1.tex to exit-laws-tree-1.pdf
ERROR   : LaTeX compilation of exit-laws-tree-1.tex failed.
Re-run, requesting "source" as the format, to analyze the image.
Likely creating the entire document as PDF will fail similarly.
The transcript of the LaTeX run follows.
WARNING : LaTeX compilation of exit-laws-tree-1.tex failed
INFO    : converting practice-laws-AAS-1.tex to practice-laws-AAS-1.pdf
INFO    : cropping practice-laws-AAS-1.pdf to cropped-practice-laws-AAS-1.pdf
INFO    : renaming cropped-practice-laws-AAS-1.pdf to practice-laws-AAS-1.pdf
INFO    : converting practice-laws-AAS-1.pdf to practice-laws-AAS-1.svg
INFO    : converting prep-laws-right-triangle-1.tex to prep-laws-right-triangle-1.pdf
INFO    : cropping prep-laws-right-triangle-1.pdf to cropped-prep-laws-right-triangle-1.pdf
INFO    : renaming cropped-prep-laws-right-triangle-1.pdf to prep-laws-right-triangle-1.pdf
INFO    : converting prep-laws-right-triangle-1.pdf to prep-laws-right-triangle-1.svg
INFO    : converting practice-laws-SSA-1.tex to practice-laws-SSA-1.pdf
INFO    : cropping practice-laws-SSA-1.pdf to cropped-practice-laws-SSA-1.pdf
INFO    : renaming cropped-practice-laws-SSA-1.pdf to practice-laws-SSA-1.pdf
INFO    : converting practice-laws-SSA-1.pdf to practice-laws-SSA-1.svg
INFO    : converting def-law-of-cosines-1.tex to def-law-of-cosines-1.pdf
INFO    : cropping def-law-of-cosines-1.pdf to cropped-def-law-of-cosines-1.pdf
INFO    : renaming cropped-def-law-of-cosines-1.pdf to def-law-of-cosines-1.pdf
INFO    : converting def-law-of-cosines-1.pdf to def-law-of-cosines-1.svg
INFO    : converting practice-laws-SAS-1.tex to practice-laws-SAS-1.pdf
INFO    : cropping practice-laws-SAS-1.pdf to cropped-practice-laws-SAS-1.pdf
INFO    : renaming cropped-practice-laws-SAS-1.pdf to practice-laws-SAS-1.pdf
INFO    : converting practice-laws-SAS-1.pdf to practice-laws-SAS-1.svg
INFO    : converting practice-laws-SSS-1.tex to practice-laws-SSS-1.pdf
INFO    : cropping practice-laws-SSS-1.pdf to cropped-practice-laws-SSS-1.pdf
INFO    : renaming cropped-practice-laws-SSS-1.pdf to practice-laws-SSS-1.pdf
INFO    : converting practice-laws-SSS-1.pdf to practice-laws-SSS-1.svg
ERROR   : Unable to generate some latex-image assets:
 LaTeX compilation failed for 1 "latex-image"(s).
Review the log for error messages, and LaTeX transcripts.
Images are:
  exit-laws-tree-1.tex
INFO    : Removing temporary directory /var/folders/mw/tp4q2ws96fgg22wjbq083kp80000gn/T/ptx-nnu98z5h
INFO    : Finished generating assets.

INFO    : Preparing to build into /Users/miranda/mth112-lab-manual/output/web.
INFO    : discovering source file's directory name: /Users/miranda/mth112-lab-manual/source
INFO    : verifying and expanding input directory: /Users/miranda/mth112-lab-manual/source/../generated-assets
INFO    : input directory expanded to absolute path: /Users/miranda/mth112-lab-manual/generated-assets
INFO    : verifying and expanding input directory: /Users/miranda/mth112-lab-manual/source/../assets
INFO    : input directory expanded to absolute path: /Users/miranda/mth112-lab-manual/assets
INFO    : discovering source file's directory name: /Users/miranda/mth112-lab-manual/source
INFO    : XSL conversion of /Users/miranda/mth112-lab-manual/source/main.ptx by /Users/miranda/.ptx/2.40.0/core/xsl/utilities/report-publisher-variables.xsl
INFO    : successful application of /Users/miranda/.ptx/2.40.0/core/xsl/utilities/report-publisher-variables.xsl
INFO    : Downloading rs services file from https://runestone.academy/cdn/runestone/latest/webpack_static_imports.xml.
INFO    : Runestone Services via online CDN query: version 8.1.1
INFO    : Downloading Runestone Services, version 8.1.1
INFO    : Extracting Runestone Services from archive file
INFO    : Building custom css theme: theme-default-modern
INFO    : converting /Users/miranda/mth112-lab-manual/source/main.ptx to HTML in /var/folders/mw/tp4q2ws96fgg22wjbq083kp80000gn/T/ptx-cjfh4icb
INFO    : XSL conversion of /Users/miranda/mth112-lab-manual/source/main.ptx by /Users/miranda/.ptx/2.40.0/core/xsl/pretext-html.xsl
INFO    : messages from the log for XSL processing:
WARNING : * PTX:WARNING:   a <tabular> has at least one paragraph (<p>) inside a <cell>, yet there are no <col> elements with a @width attribute.  Default widths will be supplied.
INFO    : *              located at: pretext/book/chapter/section/exercises/exercise/statement/sidebyside/table/tabular
INFO    : *              located within: "table-inverse-trig-practice-2" (xml:id)
WARNING : * PTX:WARNING:   a <tabular> has at least one paragraph (<p>) inside a <cell>, yet there are no <col> elements with a @width attribute.  Default widths will be supplied.
INFO    : *              located at: pretext/book/chapter/section/subsection/definition/statement/sidebyside/table/tabular
INFO    : *              located within: "table-inverse-cosine-definition" (xml:id)
WARNING : * PTX:WARNING:   a <tabular> has at least one paragraph (<p>) inside a <cell>, yet there are no <col> elements with a @width attribute.  Default widths will be supplied.
INFO    : *              located at: pretext/book/chapter/section/subsection/definition/statement/sidebyside/table/tabular
INFO    : *              located within: "table-inverse-sine-definition" (xml:id)
WARNING : * PTX:WARNING:   a <tabular> has at least one paragraph (<p>) inside a <cell>, yet there are no <col> elements with a @width attribute.  Default widths will be supplied.
INFO    : *              located at: pretext/book/chapter/section/subsection/definition/statement/sidebyside/table/tabular
INFO    : *              located within: "table-inverse-tan-definition" (xml:id)
INFO    : * PTX:INFO:   checking all deprecated elements.
WARNING : * PTX:WARNING:    An <xref> wants to build text using a number to identify the target, but the target (which has @xml:id "definitions-right-angle-trig") does not have a number. You could try 'text="title"' or 'text="custom"' on the "xref".
INFO    : *              located at: pretext/book/chapter/section/exercises/exercise/statement/p/xref
INFO    : *              located within: "Preparation Exercises" (title)
WARNING : * PTX:WARNING:    An <xref> wants to build text using a number to identify the target, but the target (which has @xml:id "practice-solving-equations") does not have a number. You could try 'text="title"' or 'text="custom"' on the "xref".
INFO    : *              located at: pretext/book/chapter/section/subsection/p/xref
INFO    : *              located within: "definitions-sum-to-product" (xml:id), "Definitions" (title)
INFO    : successful application of /Users/miranda/.ptx/2.40.0/core/xsl/pretext-html.xsl
INFO    : Removing temporary directory /var/folders/mw/tp4q2ws96fgg22wjbq083kp80000gn/T/ptx-cjfh4icb
INFO    : Removing temporary directory /var/folders/mw/tp4q2ws96fgg22wjbq083kp80000gn/T/ptx-bzvjuobp
INFO    : 
Finished build for target web. Run `pretext view web` to see the results.

CRITICAL: There were errors during the build.  See above.
INFO    : ------------------------
CRITICAL: Failed to build without errors.  Exiting...
INFO    : 
----------------------------------------------------
INFO    : While running pretext, the following errors occurred:

INFO    : (see log messages above or in the 'logs' folder for more information)
INFO    : ----------------------------------------------------
