WARNING : Using CLI version 2.40.0 but project's `requirements.txt`
WARNING : is configured to use 2.17.1. Consider either installing
WARNING : CLI version 2.17.1 or running `pretext update-project`
WARNING : to update `requirements.txt` and other managed files to match 2.40.0.
INFO    : Building target web
INFO    : XSL conversion of /Users/miranda/mth112-lab-manual/source/main.ptx by /Users/miranda/.ptx/2.40.0/core/xsl/utilities/pretext-enhanced-source.xsl
INFO    : successful application of /Users/miranda/.ptx/2.40.0/core/xsl/utilities/pretext-enhanced-source.xsl
INFO    : Generating any needed assets.
WARNING : Now generating latex images
INFO    : converting latex-image pictures from /Users/miranda/mth112-lab-manual/source/main.ptx to svg graphics for placement in /Users/miranda/mth112-lab-manual/generated-assets/latex-image
INFO    : extracting latex-image pictures from /Users/miranda/mth112-lab-manual/source/main.ptx
INFO    : string parameters passed to extraction stylesheet: {'cli.version': '2.40', 'publisher': '/Users/miranda/mth112-lab-manual/publication/publication.ptx'}
INFO    : discovering source file's directory name: /Users/miranda/mth112-lab-manual/source
INFO    : verifying and expanding input directory: /Users/miranda/mth112-lab-manual/source/../generated-assets
INFO    : input directory expanded to absolute path: /Users/miranda/mth112-lab-manual/generated-assets
INFO    : verifying and expanding input directory: /Users/miranda/mth112-lab-manual/source/../assets
INFO    : input directory expanded to absolute path: /Users/miranda/mth112-lab-manual/assets
INFO    : discovering source file's directory name: /Users/miranda/mth112-lab-manual/source
INFO    : XSL conversion of /Users/miranda/mth112-lab-manual/source/main.ptx by /Users/miranda/.ptx/2.40.0/core/xsl/extract-latex-image.xsl
INFO    : successful application of /Users/miranda/.ptx/2.40.0/core/xsl/extract-latex-image.xsl
INFO    : converting practice-other-trig-functions-2-1-2-2.tex to practice-other-trig-functions-2-1-2-2.pdf
ERROR   : LaTeX compilation of practice-other-trig-functions-2-1-2-2.tex failed.
Re-run, requesting "source" as the format, to analyze the image.
Likely creating the entire document as PDF will fail similarly.
The transcript of the LaTeX run follows.
WARNING : LaTeX compilation of practice-other-trig-functions-2-1-2-2.tex failed
INFO    : converting definitions-other-trig-functions-5-2-1-2-2.tex to definitions-other-trig-functions-5-2-1-2-2.pdf
ERROR   : LaTeX compilation of definitions-other-trig-functions-5-2-1-2-2.tex failed.
Re-run, requesting "source" as the format, to analyze the image.
Likely creating the entire document as PDF will fail similarly.
The transcript of the LaTeX run follows.
WARNING : LaTeX compilation of definitions-other-trig-functions-5-2-1-2-2.tex failed
INFO    : converting graph-domain-range-exit-2.tex to graph-domain-range-exit-2.pdf
INFO    : cropping graph-domain-range-exit-2.pdf to cropped-graph-domain-range-exit-2.pdf
INFO    : renaming cropped-graph-domain-range-exit-2.pdf to graph-domain-range-exit-2.pdf
INFO    : converting graph-domain-range-exit-2.pdf to graph-domain-range-exit-2.svg
INFO    : converting figure-other-trig-practice-2-2.tex to figure-other-trig-practice-2-2.pdf
INFO    : cropping figure-other-trig-practice-2-2.pdf to cropped-figure-other-trig-practice-2-2.pdf
INFO    : renaming cropped-figure-other-trig-practice-2-2.pdf to figure-other-trig-practice-2-2.pdf
INFO    : converting figure-other-trig-practice-2-2.pdf to figure-other-trig-practice-2-2.svg
ERROR   : Unable to generate some latex-image assets:
 LaTeX compilation failed for 2 "latex-image"(s).
Review the log for error messages, and LaTeX transcripts.
Images are:
  practice-other-trig-functions-2-1-2-2.tex
  definitions-other-trig-functions-5-2-1-2-2.tex
INFO    : Removing temporary directory /var/folders/mw/tp4q2ws96fgg22wjbq083kp80000gn/T/ptx-yrmjpd5w
INFO    : Finished generating assets.

INFO    : Preparing to build into /Users/miranda/mth112-lab-manual/output/web.
INFO    : discovering source file's directory name: /Users/miranda/mth112-lab-manual/source
INFO    : verifying and expanding input directory: /Users/miranda/mth112-lab-manual/source/../generated-assets
INFO    : input directory expanded to absolute path: /Users/miranda/mth112-lab-manual/generated-assets
INFO    : verifying and expanding input directory: /Users/miranda/mth112-lab-manual/source/../assets
INFO    : input directory expanded to absolute path: /Users/miranda/mth112-lab-manual/assets
INFO    : discovering source file's directory name: /Users/miranda/mth112-lab-manual/source
INFO    : XSL conversion of /Users/miranda/mth112-lab-manual/source/main.ptx by /Users/miranda/.ptx/2.40.0/core/xsl/utilities/report-publisher-variables.xsl
INFO    : successful application of /Users/miranda/.ptx/2.40.0/core/xsl/utilities/report-publisher-variables.xsl
INFO    : Downloading rs services file from https://runestone.academy/cdn/runestone/latest/webpack_static_imports.xml.
INFO    : Runestone Services via online CDN query: version 8.1.1
INFO    : Downloading Runestone Services, version 8.1.1
INFO    : Extracting Runestone Services from archive file
INFO    : Building custom css theme: theme-default-modern
INFO    : converting /Users/miranda/mth112-lab-manual/source/main.ptx to HTML in /var/folders/mw/tp4q2ws96fgg22wjbq083kp80000gn/T/ptx-ziw2zv2t
INFO    : XSL conversion of /Users/miranda/mth112-lab-manual/source/main.ptx by /Users/miranda/.ptx/2.40.0/core/xsl/pretext-html.xsl
INFO    : messages from the log for XSL processing:
INFO    : * PTX:INFO:   checking all deprecated elements.
WARNING : * PTX:WARNING:    An <xref> wants to build text using a number to identify the target, but the target (which has @xml:id "definitions-right-angle-trig") does not have a number. You could try 'text="title"' or 'text="custom"' on the "xref".
INFO    : *              located at: pretext/book/chapter/section/exercises/exercise/statement/p/xref
INFO    : *              located within: "Preparation Exercises" (title)
WARNING : * PTX:WARNING:    An <xref> wants to build text using a number to identify the target, but the target (which has @xml:id "practice-solving-equations") does not have a number. You could try 'text="title"' or 'text="custom"' on the "xref".
INFO    : *              located at: pretext/book/chapter/section/subsection/p/xref
INFO    : *              located within: "definitions-sum-to-product" (xml:id), "Definitions" (title)
INFO    : successful application of /Users/miranda/.ptx/2.40.0/core/xsl/pretext-html.xsl
INFO    : Removing temporary directory /var/folders/mw/tp4q2ws96fgg22wjbq083kp80000gn/T/ptx-ziw2zv2t
INFO    : Removing temporary directory /var/folders/mw/tp4q2ws96fgg22wjbq083kp80000gn/T/ptx-66ged8m4
INFO    : 
Finished build for target web. Run `pretext view web` to see the results.

CRITICAL: There were errors during the build.  See above.
INFO    : ------------------------
CRITICAL: Failed to build without errors.  Exiting...
INFO    : 
----------------------------------------------------
INFO    : While running pretext, the following errors occurred:

INFO    : (see log messages above or in the 'logs' folder for more information)
INFO    : ----------------------------------------------------
