WARNING : Using CLI version 2.40.0 but project's `requirements.txt`
WARNING : is configured to use 2.17.1. Consider either installing
WARNING : CLI version 2.17.1 or running `pretext update-project`
WARNING : to update `requirements.txt` and other managed files to match 2.40.0.
INFO    : Building target web
INFO    : XSL conversion of /Users/miranda/mth112-lab-manual/source/main.ptx by /Users/miranda/.ptx/2.40.0/core/xsl/utilities/pretext-enhanced-source.xsl
INFO    : successful application of /Users/miranda/.ptx/2.40.0/core/xsl/utilities/pretext-enhanced-source.xsl
INFO    : Generating any needed assets.
WARNING : Now generating latex images
INFO    : converting latex-image pictures from /Users/miranda/mth112-lab-manual/source/main.ptx to svg graphics for placement in /Users/miranda/mth112-lab-manual/generated-assets/latex-image
INFO    : extracting latex-image pictures from /Users/miranda/mth112-lab-manual/source/main.ptx
INFO    : string parameters passed to extraction stylesheet: {'cli.version': '2.40', 'publisher': '/Users/miranda/mth112-lab-manual/publication/publication.ptx'}
INFO    : discovering source file's directory name: /Users/miranda/mth112-lab-manual/source
INFO    : verifying and expanding input directory: /Users/miranda/mth112-lab-manual/source/../generated-assets
INFO    : input directory expanded to absolute path: /Users/miranda/mth112-lab-manual/generated-assets
INFO    : verifying and expanding input directory: /Users/miranda/mth112-lab-manual/source/../assets
INFO    : input directory expanded to absolute path: /Users/miranda/mth112-lab-manual/assets
INFO    : discovering source file's directory name: /Users/miranda/mth112-lab-manual/source
INFO    : XSL conversion of /Users/miranda/mth112-lab-manual/source/main.ptx by /Users/miranda/.ptx/2.40.0/core/xsl/extract-latex-image.xsl
INFO    : successful application of /Users/miranda/.ptx/2.40.0/core/xsl/extract-latex-image.xsl
INFO    : converting sec-angles-4-2-5-1-2.tex to sec-angles-4-2-5-1-2.pdf
INFO    : cropping sec-angles-4-2-5-1-2.pdf to cropped-sec-angles-4-2-5-1-2.pdf
INFO    : renaming cropped-sec-angles-4-2-5-1-2.pdf to sec-angles-4-2-5-1-2.pdf
INFO    : converting sec-angles-4-2-5-1-2.pdf to sec-angles-4-2-5-1-2.svg
INFO    : converting prep-average-rates-and-dq-5-1-1-2-1.tex to prep-average-rates-and-dq-5-1-1-2-1.pdf
INFO    : cropping prep-average-rates-and-dq-5-1-1-2-1.pdf to cropped-prep-average-rates-and-dq-5-1-1-2-1.pdf
INFO    : renaming cropped-prep-average-rates-and-dq-5-1-1-2-1.pdf to prep-average-rates-and-dq-5-1-1-2-1.pdf
INFO    : converting prep-average-rates-and-dq-5-1-1-2-1.pdf to prep-average-rates-and-dq-5-1-1-2-1.svg
INFO    : converting prep-average-rates-and-dq-5-1-3-1.tex to prep-average-rates-and-dq-5-1-3-1.pdf
INFO    : cropping prep-average-rates-and-dq-5-1-3-1.pdf to cropped-prep-average-rates-and-dq-5-1-3-1.pdf
INFO    : renaming cropped-prep-average-rates-and-dq-5-1-3-1.pdf to prep-average-rates-and-dq-5-1-3-1.pdf
INFO    : converting prep-average-rates-and-dq-5-1-3-1.pdf to prep-average-rates-and-dq-5-1-3-1.svg
INFO    : converting practice-right-angle-triangle-1.tex to practice-right-angle-triangle-1.pdf
ERROR   : LaTeX compilation of practice-right-angle-triangle-1.tex failed.
Re-run, requesting "source" as the format, to analyze the image.
Likely creating the entire document as PDF will fail similarly.
The transcript of the LaTeX run follows.
WARNING : LaTeX compilation of practice-right-angle-triangle-1.tex failed
INFO    : converting fig-angles-radian-2.tex to fig-angles-radian-2.pdf
INFO    : cropping fig-angles-radian-2.pdf to cropped-fig-angles-radian-2.pdf
INFO    : renaming cropped-fig-angles-radian-2.pdf to fig-angles-radian-2.pdf
INFO    : converting fig-angles-radian-2.pdf to fig-angles-radian-2.svg
INFO    : converting fig-arc-length-2.tex to fig-arc-length-2.pdf
INFO    : cropping fig-arc-length-2.pdf to cropped-fig-arc-length-2.pdf
INFO    : renaming cropped-fig-arc-length-2.pdf to fig-arc-length-2.pdf
INFO    : converting fig-arc-length-2.pdf to fig-arc-length-2.svg
INFO    : converting fig-angles-exit-2.tex to fig-angles-exit-2.pdf
INFO    : cropping fig-angles-exit-2.pdf to cropped-fig-angles-exit-2.pdf
INFO    : renaming cropped-fig-angles-exit-2.pdf to fig-angles-exit-2.pdf
INFO    : converting fig-angles-exit-2.pdf to fig-angles-exit-2.svg
ERROR   : Unable to generate some latex-image assets:
 LaTeX compilation failed for 1 "latex-image"(s).
Review the log for error messages, and LaTeX transcripts.
Images are:
  practice-right-angle-triangle-1.tex
INFO    : Removing temporary directory /var/folders/mw/tp4q2ws96fgg22wjbq083kp80000gn/T/ptx-8lrx0sr4
INFO    : Finished generating assets.

INFO    : Preparing to build into /Users/miranda/mth112-lab-manual/output/web.
INFO    : discovering source file's directory name: /Users/miranda/mth112-lab-manual/source
INFO    : verifying and expanding input directory: /Users/miranda/mth112-lab-manual/source/../generated-assets
INFO    : input directory expanded to absolute path: /Users/miranda/mth112-lab-manual/generated-assets
INFO    : verifying and expanding input directory: /Users/miranda/mth112-lab-manual/source/../assets
INFO    : input directory expanded to absolute path: /Users/miranda/mth112-lab-manual/assets
INFO    : discovering source file's directory name: /Users/miranda/mth112-lab-manual/source
INFO    : XSL conversion of /Users/miranda/mth112-lab-manual/source/main.ptx by /Users/miranda/.ptx/2.40.0/core/xsl/utilities/report-publisher-variables.xsl
INFO    : successful application of /Users/miranda/.ptx/2.40.0/core/xsl/utilities/report-publisher-variables.xsl
INFO    : Downloading rs services file from https://runestone.academy/cdn/runestone/latest/webpack_static_imports.xml.
INFO    : Runestone Services via online CDN query: version 8.1.1
INFO    : Downloading Runestone Services, version 8.1.1
INFO    : Extracting Runestone Services from archive file
INFO    : Building custom css theme: theme-default-modern
INFO    : converting /Users/miranda/mth112-lab-manual/source/main.ptx to HTML in /var/folders/mw/tp4q2ws96fgg22wjbq083kp80000gn/T/ptx-412b4kbz
INFO    : XSL conversion of /Users/miranda/mth112-lab-manual/source/main.ptx by /Users/miranda/.ptx/2.40.0/core/xsl/pretext-html.xsl
INFO    : messages from the log for XSL processing:
INFO    : * PTX:INFO:   checking all deprecated elements.
WARNING : * PTX:WARNING:    An <xref> wants to build text using a number to identify the target, but the target (which has @xml:id "definitions-right-angle-trig") does not have a number. You could try 'text="title"' or 'text="custom"' on the "xref".
INFO    : *              located at: pretext/book/chapter/section/exercises/exercise/statement/p/xref
INFO    : *              located within: "Preparation Exercises" (title)
WARNING : * PTX:WARNING:    An <xref> wants to build text using a number to identify the target, but the target (which has @xml:id "practice-solving-equations") does not have a number. You could try 'text="title"' or 'text="custom"' on the "xref".
INFO    : *              located at: pretext/book/chapter/section/subsection/p/xref
INFO    : *              located within: "definitions-sum-to-product" (xml:id), "Definitions" (title)
INFO    : successful application of /Users/miranda/.ptx/2.40.0/core/xsl/pretext-html.xsl
INFO    : Removing temporary directory /var/folders/mw/tp4q2ws96fgg22wjbq083kp80000gn/T/ptx-412b4kbz
INFO    : Removing temporary directory /var/folders/mw/tp4q2ws96fgg22wjbq083kp80000gn/T/ptx-ghy5n19_
INFO    : 
Finished build for target web. Run `pretext view web` to see the results.

CRITICAL: There were errors during the build.  See above.
INFO    : ------------------------
CRITICAL: Failed to build without errors.  Exiting...
INFO    : 
----------------------------------------------------
INFO    : While running pretext, the following errors occurred:

INFO    : (see log messages above or in the 'logs' folder for more information)
INFO    : ----------------------------------------------------
