WARNING : Using CLI version 2.40.0 but project's `requirements.txt`
WARNING : is configured to use 2.17.1. Consider either installing
WARNING : CLI version 2.17.1 or running `pretext update-project`
WARNING : to update `requirements.txt` and other managed files to match 2.40.0.
INFO    : Building target web
INFO    : XSL conversion of /Users/miranda/mth112-lab-manual/source/main.ptx by /Users/miranda/.ptx/2.40.0/core/xsl/utilities/pretext-enhanced-source.xsl
INFO    : successful application of /Users/miranda/.ptx/2.40.0/core/xsl/utilities/pretext-enhanced-source.xsl
INFO    : Generating any needed assets.
WARNING : Now generating latex images
INFO    : converting latex-image pictures from /Users/miranda/mth112-lab-manual/source/main.ptx to svg graphics for placement in /Users/miranda/mth112-lab-manual/generated-assets/latex-image
INFO    : extracting latex-image pictures from /Users/miranda/mth112-lab-manual/source/main.ptx
INFO    : string parameters passed to extraction stylesheet: {'cli.version': '2.40', 'publisher': '/Users/miranda/mth112-lab-manual/publication/publication.ptx'}
INFO    : discovering source file's directory name: /Users/miranda/mth112-lab-manual/source
INFO    : verifying and expanding input directory: /Users/miranda/mth112-lab-manual/source/../generated-assets
INFO    : input directory expanded to absolute path: /Users/miranda/mth112-lab-manual/generated-assets
INFO    : verifying and expanding input directory: /Users/miranda/mth112-lab-manual/source/../assets
INFO    : input directory expanded to absolute path: /Users/miranda/mth112-lab-manual/assets
INFO    : discovering source file's directory name: /Users/miranda/mth112-lab-manual/source
INFO    : XSL conversion of /Users/miranda/mth112-lab-manual/source/main.ptx by /Users/miranda/.ptx/2.40.0/core/xsl/extract-latex-image.xsl
INFO    : successful application of /Users/miranda/.ptx/2.40.0/core/xsl/extract-latex-image.xsl
INFO    : converting figure-inverse-cosine-definition-1.tex to figure-inverse-cosine-definition-1.pdf
INFO    : cropping figure-inverse-cosine-definition-1.pdf to cropped-figure-inverse-cosine-definition-1.pdf
INFO    : renaming cropped-figure-inverse-cosine-definition-1.pdf to figure-inverse-cosine-definition-1.pdf
INFO    : converting figure-inverse-cosine-definition-1.pdf to figure-inverse-cosine-definition-1.svg
INFO    : converting figure-inverse-trig-prep-3-1.tex to figure-inverse-trig-prep-3-1.pdf
INFO    : cropping figure-inverse-trig-prep-3-1.pdf to cropped-figure-inverse-trig-prep-3-1.pdf
INFO    : renaming cropped-figure-inverse-trig-prep-3-1.pdf to figure-inverse-trig-prep-3-1.pdf
INFO    : converting figure-inverse-trig-prep-3-1.pdf to figure-inverse-trig-prep-3-1.svg
INFO    : converting figure-inverse-tan-definition-1.tex to figure-inverse-tan-definition-1.pdf
INFO    : cropping figure-inverse-tan-definition-1.pdf to cropped-figure-inverse-tan-definition-1.pdf
INFO    : renaming cropped-figure-inverse-tan-definition-1.pdf to figure-inverse-tan-definition-1.pdf
INFO    : converting figure-inverse-tan-definition-1.pdf to figure-inverse-tan-definition-1.svg
INFO    : converting figure-inverse-sine-definition-1.tex to figure-inverse-sine-definition-1.pdf
INFO    : cropping figure-inverse-sine-definition-1.pdf to cropped-figure-inverse-sine-definition-1.pdf
INFO    : renaming cropped-figure-inverse-sine-definition-1.pdf to figure-inverse-sine-definition-1.pdf
INFO    : converting figure-inverse-sine-definition-1.pdf to figure-inverse-sine-definition-1.svg
INFO    : Removing temporary directory /var/folders/mw/tp4q2ws96fgg22wjbq083kp80000gn/T/ptx-lubt0zq4
INFO    : Finished generating assets.

INFO    : Preparing to build into /Users/miranda/mth112-lab-manual/output/web.
INFO    : discovering source file's directory name: /Users/miranda/mth112-lab-manual/source
INFO    : verifying and expanding input directory: /Users/miranda/mth112-lab-manual/source/../generated-assets
INFO    : input directory expanded to absolute path: /Users/miranda/mth112-lab-manual/generated-assets
INFO    : verifying and expanding input directory: /Users/miranda/mth112-lab-manual/source/../assets
INFO    : input directory expanded to absolute path: /Users/miranda/mth112-lab-manual/assets
INFO    : discovering source file's directory name: /Users/miranda/mth112-lab-manual/source
INFO    : XSL conversion of /Users/miranda/mth112-lab-manual/source/main.ptx by /Users/miranda/.ptx/2.40.0/core/xsl/utilities/report-publisher-variables.xsl
INFO    : successful application of /Users/miranda/.ptx/2.40.0/core/xsl/utilities/report-publisher-variables.xsl
INFO    : Downloading rs services file from https://runestone.academy/cdn/runestone/latest/webpack_static_imports.xml.
INFO    : Runestone Services via online CDN query: version 8.1.1
INFO    : Downloading Runestone Services, version 8.1.1
INFO    : Extracting Runestone Services from archive file
INFO    : Building custom css theme: theme-default-modern
INFO    : converting /Users/miranda/mth112-lab-manual/source/main.ptx to HTML in /var/folders/mw/tp4q2ws96fgg22wjbq083kp80000gn/T/ptx-epgzvriy
INFO    : XSL conversion of /Users/miranda/mth112-lab-manual/source/main.ptx by /Users/miranda/.ptx/2.40.0/core/xsl/pretext-html.xsl
INFO    : messages from the log for XSL processing:
INFO    : * PTX:INFO:   checking all deprecated elements.
WARNING : * PTX:WARNING:    An <xref> wants to build text using a number to identify the target, but the target (which has @xml:id "definitions-right-angle-trig") does not have a number. You could try 'text="title"' or 'text="custom"' on the "xref".
INFO    : *              located at: pretext/book/chapter/section/exercises/exercise/statement/p/xref
INFO    : *              located within: "Preparation Exercises" (title)
WARNING : * PTX:WARNING: a <sidebyside> or <sbsgroup> has extra "@widths" (did you confuse singular and plural attribute names?)
INFO    : *              located at: pretext/book/chapter/section/exercises/exercise/statement/sidebyside
INFO    : *              located within: "prep-inverse-trig" (xml:id), "Preparation Exercises" (title)
WARNING : * PTX:WARNING: a <sidebyside> or <sbsgroup> has extra "@widths" (did you confuse singular and plural attribute names?)
INFO    : *              located at: pretext/book/chapter/section/exercises/exercise/statement/sidebyside
INFO    : *              located within: "prep-inverse-trig" (xml:id), "Preparation Exercises" (title)
WARNING : * PTX:WARNING: a <sidebyside> or <sbsgroup> has extra "@widths" (did you confuse singular and plural attribute names?)
INFO    : *              located at: pretext/book/chapter/section/exercises/exercise/statement/sidebyside
INFO    : *              located within: "practice-inverse-trig" (xml:id), "Practice Exercises" (title)
WARNING : * PTX:WARNING: a <sidebyside> or <sbsgroup> has extra "@widths" (did you confuse singular and plural attribute names?)
INFO    : *              located at: pretext/book/chapter/section/exercises/exercise/task/statement/sidebyside
INFO    : *              located within: "practice-inverse-trig" (xml:id), "Practice Exercises" (title)
WARNING : * PTX:WARNING: a <sidebyside> or <sbsgroup> has extra "@widths" (did you confuse singular and plural attribute names?)
INFO    : *              located at: pretext/book/chapter/section/exercises/exercise/task/statement/sidebyside
INFO    : *              located within: "practice-inverse-trig" (xml:id), "Practice Exercises" (title)
WARNING : * PTX:WARNING: a <sidebyside> or <sbsgroup> has extra "@widths" (did you confuse singular and plural attribute names?)
INFO    : *              located at: pretext/book/chapter/section/subsection/definition/statement/sidebyside
INFO    : *              located within: "Inverse Cosine" (title)
WARNING : * PTX:WARNING: a <sidebyside> or <sbsgroup> has extra "@widths" (did you confuse singular and plural attribute names?)
INFO    : *              located at: pretext/book/chapter/section/subsection/definition/statement/sidebyside
INFO    : *              located within: "Inverse Sine" (title)
WARNING : * PTX:WARNING: a <sidebyside> or <sbsgroup> has extra "@widths" (did you confuse singular and plural attribute names?)
INFO    : *              located at: pretext/book/chapter/section/subsection/definition/statement/sidebyside
INFO    : *              located within: "Inverse Tangent" (title)
WARNING : * PTX:WARNING: a <sidebyside> or <sbsgroup> has extra "@widths" (did you confuse singular and plural attribute names?)
INFO    : *              located at: pretext/book/chapter/section/exercises/exercise/statement/sidebyside
INFO    : *              located within: "exit-inverse-trig" (xml:id), "Exit Exercises" (title)
ERROR   : * PTX:ERROR:   a cross-reference ("xref") uses references [figure-inverse-trig-exit] that do not point to any target, or perhaps point to multiple targets.  Maybe you typed an @xml:id value wrong, maybe the target of the @xml:id is nonexistent, or maybe you temporarily removed the target from your source, or maybe an auxiliary file contains a duplicate.  Your output will contain some placeholder text that you will not want to distribute to your readers.
INFO    : *              located at: pretext/book/chapter/section/exercises/exercise/statement/sidebyside/p/xref
INFO    : *              located within: "exit-inverse-trig" (xml:id), "Exit Exercises" (title)
WARNING : * PTX:WARNING:    An <xref> wants to build text using a number to identify the target, but the target (which has @xml:id "practice-solving-equations") does not have a number. You could try 'text="title"' or 'text="custom"' on the "xref".
INFO    : *              located at: pretext/book/chapter/section/subsection/p/xref
INFO    : *              located within: "definitions-sum-to-product" (xml:id), "Definitions" (title)
INFO    : successful application of /Users/miranda/.ptx/2.40.0/core/xsl/pretext-html.xsl
INFO    : Removing temporary directory /var/folders/mw/tp4q2ws96fgg22wjbq083kp80000gn/T/ptx-epgzvriy
INFO    : Removing temporary directory /var/folders/mw/tp4q2ws96fgg22wjbq083kp80000gn/T/ptx-3bxikya7
INFO    : 
Finished build for target web. Run `pretext view web` to see the results.

CRITICAL: There were errors during the build.  See above.
INFO    : ------------------------
CRITICAL: Failed to build without errors.  Exiting...
INFO    : 
----------------------------------------------------
INFO    : While running pretext, the following errors occurred:

INFO    : (see log messages above or in the 'logs' folder for more information)
INFO    : ----------------------------------------------------
